[     413ms] [WARNING] The provided component class (t)
                has already been declared as an observer component. @ https://cdn1.espn.net/fitt/22ea72ca05a9-release-03-31-2026.2.0.4371/client/espnfitt/71-540cbcac.js:0
[     544ms] [WARNING] Datadog Browser SDK: SDK is loaded more than once. This is unsupported and might have unexpected behavior. @ https://cdn.registerdisney.go.com/v4/OneID.js:1
[     547ms] [LOG] DOM isReady:  516 @ https://cdn1.espn.net/fitt/22ea72ca05a9-release-03-31-2026.2.0.4371/client/espnfitt/71-540cbcac.js:0
[     586ms] [INFO] [AccessEnabler.js][info] Version: 4.7.1-5a99613 RELEASE @ https://entitlement.auth.adobe.com/entitlement/v4/AccessEnabler.js:0
[     611ms] [WARNING] adgb - not initialized. @ https://cdn.taboola.com/libtrc/espn-network/loader.js:0
[     666ms] [INFO] [AccessEnablerProxy.js][info] Version: 4.7.1-5a99613 RELEASE @ https://sp.auth.adobe.com/entitlement/v4/AccessEnablerProxy.js:0
[     716ms] Uncaught (in promise) LocationNotAllowedException: User is not allowed to use the app in their current location.
    at go (https://cdn1.espn.net/fitt/22ea72ca05a9-release-03-31-2026.2.0.4371/client/espnfitt/dmp-sdk-4ec14d66.js:5067:101158)
    at Kp (https://cdn1.espn.net/fitt/22ea72ca05a9-release-03-31-2026.2.0.4371/client/espnfitt/dmp-sdk-4ec14d66.js:5067:195688)
    at <anonymous> (https://cdn1.espn.net/fitt/22ea72ca05a9-release-03-31-2026.2.0.4371/client/espnfitt/dmp-sdk-4ec14d66.js:5067:113039)
    at fs (https://cdn1.espn.net/fitt/22ea72ca05a9-release-03-31-2026.2.0.4371/client/espnfitt/dmp-sdk-4ec14d66.js:5067:113026)
    at <anonymous> (https://cdn1.espn.net/fitt/22ea72ca05a9-release-03-31-2026.2.0.4371/client/espnfitt/dmp-sdk-4ec14d66.js:5067:197652)
    at <anonymous> (https://cdn1.espn.net/fitt/22ea72ca05a9-release-03-31-2026.2.0.4371/client/espnfitt/dmp-sdk-4ec14d66.js:5067:66399)
    at Tn (https://cdn1.espn.net/fitt/22ea72ca05a9-release-03-31-2026.2.0.4371/client/espnfitt/dmp-sdk-4ec14d66.js:5067:66144)
    at <anonymous> (https://cdn1.espn.net/fitt/22ea72ca05a9-release-03-31-2026.2.0.4371/client/espnfitt/dmp-sdk-4ec14d66.js:5067:197610)
[     777ms] [LOG] 16:00:39.094 [Playback Service: Device Detection:] Library Detection and User Agent Detection Do Not Match @ https://hiveplayer-static.bamgrid.com/artifacts/hive/playback-service/26.2.0-bagheera/all_browser_es5/playback-service.js:1
[     777ms] [LOG] 16:00:39.095 [Playback Service: Device Detection:] Library Detected: undefined, UA Detected: chrome @ https://hiveplayer-static.bamgrid.com/artifacts/hive/playback-service/26.2.0-bagheera/all_browser_es5/playback-service.js:1
[    1578ms] [ERROR] Failed to load resource: net::ERR_NAME_NOT_RESOLVED @ https://pxl.connexity.net/c/cse?a=R&A=22c&D=569a&V=9&I0k=ptnrid&I0v=737e973e-6efb-4c11-9536-6c0b5728e111-tuct10c8180a:0
[    1594ms] [ERROR] Refused to execute script from 'https://cm.g.doubleclick.net/pixel?google_nid=contextweb&google_cm&google_sc&google_hm=N2V2N3JaQlJGbUMtaEtvUmpZcklKZw&gdpr=&gdpr_consent=' because its MIME type ('image/png') is not executable. @ https://www.espn.com/mlb/scoreboard:0
[    1595ms] Object
[    2185ms] [ERROR] Failed to load resource: net::ERR_NAME_NOT_RESOLVED @ https://gixel.gnetwork.me/?giaudi_id=737e973e-6efb-4c11-9536-6c0b5728e111-tuct10c8180a:0
[    4167ms] [WARNING] The resource https://cdn.registerdisney.go.com/v4/asset/bundler/ESPN/v4/images/v2/espn-red-logo.svg was preloaded using link preload but not used within a few seconds from the window's load event. Please make sure it has an appropriate `as` value and it is preloaded intentionally. @ https://cdn.registerdisney.go.com/v4/bundle/web/ESPN-ONESITE.WEB/en-US?cssOverride=https%3A%2F%2Fsecure.espncdn.com%2Fcombiner%2Fc%3Fcss%3Ddisneyid%2Fcorev4.css&logLevel=INFO:0
[   10649ms] [LOG] PLSUB init called 17751456489639294 @ https://cdn-gl.imrworldwide.com/novms/js/2/nlsSDK600.bundle.min.js:5
[   10695ms] [WARNING] Timecode State Registration will be deprecated as of our next major, please use timeline as a direct replacement @ https://cdn1.espn.net/fitt/22ea72ca05a9-release-03-31-2026.2.0.4371/client/espnfitt/dmp-sdk-4ec14d66.js:52
[   10706ms] [WARNING] [OneID] [%s]:  WARN `DisneyID` global object is soon to be deprecated. Use `OneID` instead. @ https://cdn.registerdisney.go.com/v4/OneID.js:1
[   10790ms] [WARNING] [GPT] Invalid arguments: SizeMappingBuilder.addSize([0, 0], [[0, 0]]). All zero-area slot sizes were removed.
https://goo.gle/gpt-message#151 @ https://securepubads.g.doubleclick.net/pagead/managed/js/gpt/m202603260101/pubads_impl.js?cb=31097482:18
[   10967ms] [ERROR] Failed to load resource: net::ERR_NAME_NOT_RESOLVED @ https://ipv6.cws.conviva.com/0/wsg:0
[   11692ms] [LOG] PLSUB init called 17751456500085798 @ https://cdn-gl.imrworldwide.com/novms/js/2/nlsSDK600.bundle.min.js:5
[   12494ms] [ERROR] Attestation check for Shared Storage on https://www.googleadservices.com failed. @ https://www.googleadservices.com/pagead/managed/js/activeview/current/reach_worklet.html:0
[   12500ms] [ERROR] Attestation check for Shared Storage on https://www.googleadservices.com failed. @ https://www.googleadservices.com/pagead/managed/js/activeview/current/reach_worklet.html:0
[   12503ms] [ERROR] Attestation check for Shared Storage on https://www.googleadservices.com failed. @ https://www.googleadservices.com/pagead/managed/js/activeview/current/reach_worklet.html:0
[   12550ms] [ERROR] Attestation check for Shared Storage on https://www.googleadservices.com failed. @ https://www.googleadservices.com/pagead/managed/js/activeview/current/reach_worklet.html:0
[   14244ms] [LOG] received a request for uspapi @ https://cdn.espn.com/onetrust/otCCPAiab.js:95
[   14321ms] [WARNING] Mixed Content: The page at 'https://ssum-sec.casalemedia.com/usermatch?us_privacy=1YNY&d=https%3A%2F%2Fwww.espn.com%2F&s=184674&cb=https%3A%2F%2Fcdn.indexww.com%2Fht%2Fhtw-pixel.gif%3F' was loaded over HTTPS, but requested an insecure element 'http://rtb2-useast.delivrdsp.ai/sync?exchange=1378&r=https%3A%2F%2Fdsum-sec.casalemedia.com%2Fcrum%3Fcm_dsp_id%3D282%26external_user_id%3D%7BUID%7D&us_privacy=1YNY'. This request was automatically upgraded to HTTPS, For more information see https://blog.chromium.org/2019/10/no-more-mixed-messages-about-https.html @ https://ssum-sec.casalemedia.com/usermatch?us_privacy=1YNY&d=https%3A%2F%2Fwww.espn.com%2F&s=184674&cb=https%3A%2F%2Fcdn.indexww.com%2Fht%2Fhtw-pixel.gif%3F:0
[   14322ms] [WARNING] Mixed Content: The page at 'https://ssum-sec.casalemedia.com/usermatch?us_privacy=1YNY&d=https%3A%2F%2Fwww.espn.com%2F&s=184674&cb=https%3A%2F%2Fcdn.indexww.com%2Fht%2Fhtw-pixel.gif%3F' was loaded over HTTPS, but requested an insecure element 'http://rtb2-useast.delivrdsp.ai/sync?exchange=1378&r=https%3A%2F%2Fdsum-sec.casalemedia.com%2Fcrum%3Fcm_dsp_id%3D282%26external_user_id%3D%7BUID%7D&us_privacy=1YNY'. This request was automatically upgraded to HTTPS, For more information see https://blog.chromium.org/2019/10/no-more-mixed-messages-about-https.html @ https://ssum-sec.casalemedia.com/usermatch?us_privacy=1YNY&d=https%3A%2F%2Fwww.espn.com%2F&s=184674&cb=https%3A%2F%2Fcdn.indexww.com%2Fht%2Fhtw-pixel.gif%3F:0
[   34103ms] [WARNING] The resource https://cdn.registerdisney.go.com/v4/asset/bundler/ESPN/v4/images/v2/espn-red-logo.svg was preloaded using link preload but not used within a few seconds from the window's load event. Please make sure it has an appropriate `as` value and it is preloaded intentionally. @ https://cdn.registerdisney.go.com/v4/bundle/web/ESPN-ONESITE.WEB/en-US?cssOverride=https%3A%2F%2Fsecure.espncdn.com%2Fcombiner%2Fc%3Fcss%3Ddisneyid%2Fcorev4.css&logLevel=INFO:0
[   63897ms] [WARNING] The resource https://cdn.registerdisney.go.com/v4/asset/bundler/ESPN/v4/images/v2/espn-red-logo.svg was preloaded using link preload but not used within a few seconds from the window's load event. Please make sure it has an appropriate `as` value and it is preloaded intentionally. @ https://cdn.registerdisney.go.com/v4/bundle/web/ESPN-ONESITE.WEB/en-US?cssOverride=https%3A%2F%2Fsecure.espncdn.com%2Fcombiner%2Fc%3Fcss%3Ddisneyid%2Fcorev4.css&logLevel=INFO:0
[  126400ms] [WARNING] DialogModal.controller cannot navigate to a view of value: main not found in menuMap with value: null @ https://cdn1.espn.net/fitt/22ea72ca05a9-release-03-31-2026.2.0.4371/client/espnfitt/dmp-sdk-4ec14d66.js:271
[  205873ms] [WARNING] [MergeSinks] No sink handled command: continuousPlayShow @ https://cdn1.espn.net/fitt/22ea72ca05a9-release-03-31-2026.2.0.4371/client/espnfitt/dmp-sdk-4ec14d66.js:52
[  211062ms] [ERROR] Failed to load resource: net::ERR_NAME_NOT_RESOLVED @ https://ipv6.cws.conviva.com/0/wsg:0
[  211066ms] [ERROR] Failed to load resource: net::ERR_NAME_NOT_RESOLVED @ https://ipv6.cws.conviva.com/0/wsg:0
[  213457ms] [LOG] PLSUB init called 17751458517617629 @ https://cdn-gl.imrworldwide.com/novms/js/2/nlsSDK600.bundle.min.js:5
[  278101ms] [WARNING] [MergeSinks] No sink handled command: continuousPlayShow @ https://cdn1.espn.net/fitt/22ea72ca05a9-release-03-31-2026.2.0.4371/client/espnfitt/dmp-sdk-4ec14d66.js:52
[  283209ms] [ERROR] Failed to load resource: net::ERR_NAME_NOT_RESOLVED @ https://ipv6.cws.conviva.com/0/wsg:0
[  283214ms] [ERROR] Failed to load resource: net::ERR_NAME_NOT_RESOLVED @ https://ipv6.cws.conviva.com/0/wsg:0
[  285638ms] [LOG] PLSUB init called 17751459239527966 @ https://cdn-gl.imrworldwide.com/novms/js/2/nlsSDK600.bundle.min.js:5
[  346474ms] [WARNING] [MergeSinks] No sink handled command: continuousPlayShow @ https://cdn1.espn.net/fitt/22ea72ca05a9-release-03-31-2026.2.0.4371/client/espnfitt/dmp-sdk-4ec14d66.js:52
[  351579ms] [ERROR] Failed to load resource: net::ERR_NAME_NOT_RESOLVED @ https://ipv6.cws.conviva.com/0/wsg:0
[  351584ms] [ERROR] Failed to load resource: net::ERR_NAME_NOT_RESOLVED @ https://ipv6.cws.conviva.com/0/wsg:0
[  353789ms] [LOG] PLSUB init called 17751459921013991 @ https://cdn-gl.imrworldwide.com/novms/js/2/nlsSDK600.bundle.min.js:5
[  423817ms] [WARNING] [MergeSinks] No sink handled command: continuousPlayShow @ https://cdn1.espn.net/fitt/22ea72ca05a9-release-03-31-2026.2.0.4371/client/espnfitt/dmp-sdk-4ec14d66.js:52
[  428917ms] [ERROR] Failed to load resource: net::ERR_NAME_NOT_RESOLVED @ https://ipv6.cws.conviva.com/0/wsg:0
[  428920ms] [ERROR] Failed to load resource: net::ERR_NAME_NOT_RESOLVED @ https://ipv6.cws.conviva.com/0/wsg:0
[  430911ms] [LOG] PLSUB init called 17751460692261825 @ https://cdn-gl.imrworldwide.com/novms/js/2/nlsSDK600.bundle.min.js:5
[  622387ms] [WARNING] [MergeSinks] No sink handled command: continuousPlayShow @ https://cdn1.espn.net/fitt/22ea72ca05a9-release-03-31-2026.2.0.4371/client/espnfitt/dmp-sdk-4ec14d66.js:52
[  627450ms] [ERROR] Failed to load resource: net::ERR_NAME_NOT_RESOLVED @ https://ipv6.cws.conviva.com/0/wsg:0
[  627902ms] [ERROR] Failed to load resource: net::ERR_NAME_NOT_RESOLVED @ https://ipv6.cws.conviva.com/0/wsg:0
[  630058ms] [LOG] PLSUB init called 17751462683732874 @ https://cdn-gl.imrworldwide.com/novms/js/2/nlsSDK600.bundle.min.js:5
[  694753ms] [WARNING] [MergeSinks] No sink handled command: continuousPlayShow @ https://cdn1.espn.net/fitt/22ea72ca05a9-release-03-31-2026.2.0.4371/client/espnfitt/dmp-sdk-4ec14d66.js:52
[  699948ms] [ERROR] Failed to load resource: net::ERR_NAME_NOT_RESOLVED @ https://ipv6.cws.conviva.com/0/wsg:0
[  699952ms] [ERROR] Failed to load resource: net::ERR_NAME_NOT_RESOLVED @ https://ipv6.cws.conviva.com/0/wsg:0
[  702347ms] [LOG] PLSUB init called 17751463406618787 @ https://cdn-gl.imrworldwide.com/novms/js/2/nlsSDK600.bundle.min.js:5
[  763268ms] [WARNING] [MergeSinks] No sink handled command: continuousPlayShow @ https://cdn1.espn.net/fitt/22ea72ca05a9-release-03-31-2026.2.0.4371/client/espnfitt/dmp-sdk-4ec14d66.js:52
[  768401ms] [ERROR] Failed to load resource: net::ERR_NAME_NOT_RESOLVED @ https://ipv6.cws.conviva.com/0/wsg:0
[  768405ms] [ERROR] Failed to load resource: net::ERR_NAME_NOT_RESOLVED @ https://ipv6.cws.conviva.com/0/wsg:0
[  770991ms] [LOG] PLSUB init called 17751464093062977 @ https://cdn-gl.imrworldwide.com/novms/js/2/nlsSDK600.bundle.min.js:5
[  826626ms] [WARNING] [MergeSinks] No sink handled command: continuousPlayShow @ https://cdn1.espn.net/fitt/22ea72ca05a9-release-03-31-2026.2.0.4371/client/espnfitt/dmp-sdk-4ec14d66.js:52
[  831743ms] [ERROR] Failed to load resource: net::ERR_NAME_NOT_RESOLVED @ https://ipv6.cws.conviva.com/0/wsg:0
[  831745ms] [ERROR] Failed to load resource: net::ERR_NAME_NOT_RESOLVED @ https://ipv6.cws.conviva.com/0/wsg:0
[  833835ms] [LOG] PLSUB init called 17751464721507167 @ https://cdn-gl.imrworldwide.com/novms/js/2/nlsSDK600.bundle.min.js:5
[ 1025282ms] [WARNING] [MergeSinks] No sink handled command: continuousPlayShow @ https://cdn1.espn.net/fitt/22ea72ca05a9-release-03-31-2026.2.0.4371/client/espnfitt/dmp-sdk-4ec14d66.js:52
[ 1030403ms] [ERROR] Failed to load resource: net::ERR_NAME_NOT_RESOLVED @ https://ipv6.cws.conviva.com/0/wsg:0
[ 1030407ms] [ERROR] Failed to load resource: net::ERR_NAME_NOT_RESOLVED @ https://ipv6.cws.conviva.com/0/wsg:0
[ 1032655ms] [LOG] PLSUB init called 17751466709705840 @ https://cdn-gl.imrworldwide.com/novms/js/2/nlsSDK600.bundle.min.js:5
[ 1097438ms] [WARNING] [MergeSinks] No sink handled command: continuousPlayShow @ https://cdn1.espn.net/fitt/22ea72ca05a9-release-03-31-2026.2.0.4371/client/espnfitt/dmp-sdk-4ec14d66.js:52
[ 1102552ms] [ERROR] Failed to load resource: net::ERR_NAME_NOT_RESOLVED @ https://ipv6.cws.conviva.com/0/wsg:0
[ 1102555ms] [ERROR] Failed to load resource: net::ERR_NAME_NOT_RESOLVED @ https://ipv6.cws.conviva.com/0/wsg:0
[ 1104839ms] [LOG] PLSUB init called 17751467431548455 @ https://cdn-gl.imrworldwide.com/novms/js/2/nlsSDK600.bundle.min.js:5
[ 1165746ms] [WARNING] [MergeSinks] No sink handled command: continuousPlayShow @ https://cdn1.espn.net/fitt/22ea72ca05a9-release-03-31-2026.2.0.4371/client/espnfitt/dmp-sdk-4ec14d66.js:52
[ 1170897ms] [ERROR] Failed to load resource: net::ERR_NAME_NOT_RESOLVED @ https://ipv6.cws.conviva.com/0/wsg:0
[ 1170897ms] [ERROR] Failed to load resource: net::ERR_NAME_NOT_RESOLVED @ https://ipv6.cws.conviva.com/0/wsg:0
[ 1173075ms] [LOG] PLSUB init called 17751468113907042 @ https://cdn-gl.imrworldwide.com/novms/js/2/nlsSDK600.bundle.min.js:5
[ 1235768ms] [WARNING] [MergeSinks] No sink handled command: continuousPlayShow @ https://cdn1.espn.net/fitt/22ea72ca05a9-release-03-31-2026.2.0.4371/client/espnfitt/dmp-sdk-4ec14d66.js:52
[ 1240914ms] [ERROR] Failed to load resource: net::ERR_NAME_NOT_RESOLVED @ https://ipv6.cws.conviva.com/0/wsg:0
[ 1241125ms] [ERROR] Failed to load resource: net::ERR_NAME_NOT_RESOLVED @ https://ipv6.cws.conviva.com/0/wsg:0
[ 1243169ms] [LOG] PLSUB init called 17751468814836020 @ https://cdn-gl.imrworldwide.com/novms/js/2/nlsSDK600.bundle.min.js:5
[ 1434574ms] [WARNING] [MergeSinks] No sink handled command: continuousPlayShow @ https://cdn1.espn.net/fitt/22ea72ca05a9-release-03-31-2026.2.0.4371/client/espnfitt/dmp-sdk-4ec14d66.js:52
[ 1439685ms] [ERROR] Failed to load resource: net::ERR_NAME_NOT_RESOLVED @ https://ipv6.cws.conviva.com/0/wsg:0
[ 1439689ms] [ERROR] Failed to load resource: net::ERR_NAME_NOT_RESOLVED @ https://ipv6.cws.conviva.com/0/wsg:0
[ 1441620ms] [LOG] PLSUB init called 17751470799346130 @ https://cdn-gl.imrworldwide.com/novms/js/2/nlsSDK600.bundle.min.js:5
[ 1506349ms] [WARNING] [MergeSinks] No sink handled command: continuousPlayShow @ https://cdn1.espn.net/fitt/22ea72ca05a9-release-03-31-2026.2.0.4371/client/espnfitt/dmp-sdk-4ec14d66.js:52
[ 1511449ms] [ERROR] Failed to load resource: net::ERR_NAME_NOT_RESOLVED @ https://ipv6.cws.conviva.com/0/wsg:0
[ 1511451ms] [ERROR] Failed to load resource: net::ERR_NAME_NOT_RESOLVED @ https://ipv6.cws.conviva.com/0/wsg:0
[ 1513729ms] [LOG] PLSUB init called 17751471520447657 @ https://cdn-gl.imrworldwide.com/novms/js/2/nlsSDK600.bundle.min.js:5
[ 1574471ms] [WARNING] [MergeSinks] No sink handled command: continuousPlayShow @ https://cdn1.espn.net/fitt/22ea72ca05a9-release-03-31-2026.2.0.4371/client/espnfitt/dmp-sdk-4ec14d66.js:52
[ 1579569ms] [ERROR] Failed to load resource: net::ERR_NAME_NOT_RESOLVED @ https://ipv6.cws.conviva.com/0/wsg:0
[ 1579571ms] [ERROR] Failed to load resource: net::ERR_NAME_NOT_RESOLVED @ https://ipv6.cws.conviva.com/0/wsg:0
[ 1582092ms] [LOG] PLSUB init called 1775147220407590 @ https://cdn-gl.imrworldwide.com/novms/js/2/nlsSDK600.bundle.min.js:5
[ 1653715ms] [WARNING] [MergeSinks] No sink handled command: continuousPlayShow @ https://cdn1.espn.net/fitt/22ea72ca05a9-release-03-31-2026.2.0.4371/client/espnfitt/dmp-sdk-4ec14d66.js:52
[ 1658822ms] [ERROR] Failed to load resource: net::ERR_NAME_NOT_RESOLVED @ https://ipv6.cws.conviva.com/0/wsg:0
[ 1658825ms] [ERROR] Failed to load resource: net::ERR_NAME_NOT_RESOLVED @ https://ipv6.cws.conviva.com/0/wsg:0
[ 1660773ms] [LOG] PLSUB init called 1775147299088928 @ https://cdn-gl.imrworldwide.com/novms/js/2/nlsSDK600.bundle.min.js:5
[ 1852295ms] [WARNING] [MergeSinks] No sink handled command: continuousPlayShow @ https://cdn1.espn.net/fitt/22ea72ca05a9-release-03-31-2026.2.0.4371/client/espnfitt/dmp-sdk-4ec14d66.js:52
[ 1857332ms] [ERROR] Failed to load resource: net::ERR_NAME_NOT_RESOLVED @ https://ipv6.cws.conviva.com/0/wsg:0
[ 1857578ms] [ERROR] Failed to load resource: net::ERR_NAME_NOT_RESOLVED @ https://ipv6.cws.conviva.com/0/wsg:0
[ 1859600ms] [LOG] PLSUB init called 17751474979154849 @ https://cdn-gl.imrworldwide.com/novms/js/2/nlsSDK600.bundle.min.js:5
[ 1924342ms] [WARNING] [MergeSinks] No sink handled command: continuousPlayShow @ https://cdn1.espn.net/fitt/22ea72ca05a9-release-03-31-2026.2.0.4371/client/espnfitt/dmp-sdk-4ec14d66.js:52
[ 1929450ms] [ERROR] Failed to load resource: net::ERR_NAME_NOT_RESOLVED @ https://ipv6.cws.conviva.com/0/wsg:0
[ 1929462ms] [ERROR] Failed to load resource: net::ERR_NAME_NOT_RESOLVED @ https://ipv6.cws.conviva.com/0/wsg:0
[ 1931720ms] [LOG] PLSUB init called 17751475700359656 @ https://cdn-gl.imrworldwide.com/novms/js/2/nlsSDK600.bundle.min.js:5
[ 1992560ms] [WARNING] [MergeSinks] No sink handled command: continuousPlayShow @ https://cdn1.espn.net/fitt/22ea72ca05a9-release-03-31-2026.2.0.4371/client/espnfitt/dmp-sdk-4ec14d66.js:52
[ 1997654ms] [ERROR] Failed to load resource: net::ERR_NAME_NOT_RESOLVED @ https://ipv6.cws.conviva.com/0/wsg:0
[ 1997660ms] [ERROR] Failed to load resource: net::ERR_NAME_NOT_RESOLVED @ https://ipv6.cws.conviva.com/0/wsg:0
[ 1999860ms] [LOG] PLSUB init called 17751476381748250 @ https://cdn-gl.imrworldwide.com/novms/js/2/nlsSDK600.bundle.min.js:5
[ 2071019ms] [WARNING] [MergeSinks] No sink handled command: continuousPlayShow @ https://cdn1.espn.net/fitt/22ea72ca05a9-release-03-31-2026.2.0.4371/client/espnfitt/dmp-sdk-4ec14d66.js:52
[ 2076124ms] [ERROR] Failed to load resource: net::ERR_NAME_NOT_RESOLVED @ https://ipv6.cws.conviva.com/0/wsg:0
[ 2076126ms] [ERROR] Failed to load resource: net::ERR_NAME_NOT_RESOLVED @ https://ipv6.cws.conviva.com/0/wsg:0
[ 2078073ms] [LOG] PLSUB init called 17751477163883239 @ https://cdn-gl.imrworldwide.com/novms/js/2/nlsSDK600.bundle.min.js:5
[ 2269628ms] [WARNING] [MergeSinks] No sink handled command: continuousPlayShow @ https://cdn1.espn.net/fitt/22ea72ca05a9-release-03-31-2026.2.0.4371/client/espnfitt/dmp-sdk-4ec14d66.js:52
[ 2274736ms] [ERROR] Failed to load resource: net::ERR_NAME_NOT_RESOLVED @ https://ipv6.cws.conviva.com/0/wsg:0
[ 2274738ms] [ERROR] Failed to load resource: net::ERR_NAME_NOT_RESOLVED @ https://ipv6.cws.conviva.com/0/wsg:0
[ 2276791ms] [LOG] PLSUB init called 17751479151069056 @ https://cdn-gl.imrworldwide.com/novms/js/2/nlsSDK600.bundle.min.js:5
[ 2341571ms] [WARNING] [MergeSinks] No sink handled command: continuousPlayShow @ https://cdn1.espn.net/fitt/22ea72ca05a9-release-03-31-2026.2.0.4371/client/espnfitt/dmp-sdk-4ec14d66.js:52
[ 2346663ms] [ERROR] Failed to load resource: net::ERR_NAME_NOT_RESOLVED @ https://ipv6.cws.conviva.com/0/wsg:0
[ 2346667ms] [ERROR] Failed to load resource: net::ERR_NAME_NOT_RESOLVED @ https://ipv6.cws.conviva.com/0/wsg:0
[ 2348931ms] [LOG] PLSUB init called 17751479872464406 @ https://cdn-gl.imrworldwide.com/novms/js/2/nlsSDK600.bundle.min.js:5
[ 2409795ms] [WARNING] [MergeSinks] No sink handled command: continuousPlayShow @ https://cdn1.espn.net/fitt/22ea72ca05a9-release-03-31-2026.2.0.4371/client/espnfitt/dmp-sdk-4ec14d66.js:52
[ 2414892ms] [ERROR] Failed to load resource: net::ERR_NAME_NOT_RESOLVED @ https://ipv6.cws.conviva.com/0/wsg:0
[ 2414898ms] [ERROR] Failed to load resource: net::ERR_NAME_NOT_RESOLVED @ https://ipv6.cws.conviva.com/0/wsg:0
[ 2417183ms] [LOG] PLSUB init called 17751480554987209 @ https://cdn-gl.imrworldwide.com/novms/js/2/nlsSDK600.bundle.min.js:5
[ 2482054ms] [WARNING] [MergeSinks] No sink handled command: continuousPlayShow @ https://cdn1.espn.net/fitt/22ea72ca05a9-release-03-31-2026.2.0.4371/client/espnfitt/dmp-sdk-4ec14d66.js:52
[ 2487084ms] [ERROR] Failed to load resource: net::ERR_NAME_NOT_RESOLVED @ https://ipv6.cws.conviva.com/0/wsg:0
[ 2487253ms] [ERROR] Failed to load resource: net::ERR_NAME_NOT_RESOLVED @ https://ipv6.cws.conviva.com/0/wsg:0
[ 2489282ms] [LOG] PLSUB init called 17751481275978648 @ https://cdn-gl.imrworldwide.com/novms/js/2/nlsSDK600.bundle.min.js:5
[ 2680594ms] [WARNING] [MergeSinks] No sink handled command: continuousPlayShow @ https://cdn1.espn.net/fitt/22ea72ca05a9-release-03-31-2026.2.0.4371/client/espnfitt/dmp-sdk-4ec14d66.js:52
[ 2685692ms] [ERROR] Failed to load resource: net::ERR_NAME_NOT_RESOLVED @ https://ipv6.cws.conviva.com/0/wsg:0
[ 2685695ms] [ERROR] Failed to load resource: net::ERR_NAME_NOT_RESOLVED @ https://ipv6.cws.conviva.com/0/wsg:0
[ 2687836ms] [LOG] PLSUB init called 17751483261514625 @ https://cdn-gl.imrworldwide.com/novms/js/2/nlsSDK600.bundle.min.js:5
[ 2752577ms] [WARNING] [MergeSinks] No sink handled command: continuousPlayShow @ https://cdn1.espn.net/fitt/22ea72ca05a9-release-03-31-2026.2.0.4371/client/espnfitt/dmp-sdk-4ec14d66.js:52
[ 2757670ms] [ERROR] Failed to load resource: net::ERR_NAME_NOT_RESOLVED @ https://ipv6.cws.conviva.com/0/wsg:0
[ 2757688ms] [ERROR] Failed to load resource: net::ERR_NAME_NOT_RESOLVED @ https://ipv6.cws.conviva.com/0/wsg:0
[ 2759945ms] [LOG] PLSUB init called 17751483982609264 @ https://cdn-gl.imrworldwide.com/novms/js/2/nlsSDK600.bundle.min.js:5
[ 2820777ms] [WARNING] [MergeSinks] No sink handled command: continuousPlayShow @ https://cdn1.espn.net/fitt/22ea72ca05a9-release-03-31-2026.2.0.4371/client/espnfitt/dmp-sdk-4ec14d66.js:52
[ 2825841ms] [ERROR] Failed to load resource: net::ERR_NAME_NOT_RESOLVED @ https://ipv6.cws.conviva.com/0/wsg:0
[ 2825844ms] [ERROR] Failed to load resource: net::ERR_NAME_NOT_RESOLVED @ https://ipv6.cws.conviva.com/0/wsg:0
[ 2828040ms] [LOG] PLSUB init called 17751484663564255 @ https://cdn-gl.imrworldwide.com/novms/js/2/nlsSDK600.bundle.min.js:5
[ 2908272ms] [WARNING] [MergeSinks] No sink handled command: continuousPlayShow @ https://cdn1.espn.net/fitt/22ea72ca05a9-release-03-31-2026.2.0.4371/client/espnfitt/dmp-sdk-4ec14d66.js:52
[ 2913556ms] [ERROR] Failed to load resource: net::ERR_NAME_NOT_RESOLVED @ https://ipv6.cws.conviva.com/0/wsg:0
[ 2913561ms] [ERROR] Failed to load resource: net::ERR_NAME_NOT_RESOLVED @ https://ipv6.cws.conviva.com/0/wsg:0
[ 2915544ms] [LOG] PLSUB init called 17751485538593739 @ https://cdn-gl.imrworldwide.com/novms/js/2/nlsSDK600.bundle.min.js:5
[ 3106935ms] [WARNING] [MergeSinks] No sink handled command: continuousPlayShow @ https://cdn1.espn.net/fitt/22ea72ca05a9-release-03-31-2026.2.0.4371/client/espnfitt/dmp-sdk-4ec14d66.js:52
[ 3111994ms] [ERROR] Failed to load resource: net::ERR_NAME_NOT_RESOLVED @ https://ipv6.cws.conviva.com/0/wsg:0
[ 3112212ms] [ERROR] Failed to load resource: net::ERR_NAME_NOT_RESOLVED @ https://ipv6.cws.conviva.com/0/wsg:0
[ 3114217ms] [LOG] PLSUB init called 17751487525326286 @ https://cdn-gl.imrworldwide.com/novms/js/2/nlsSDK600.bundle.min.js:5
[ 3178982ms] [WARNING] [MergeSinks] No sink handled command: continuousPlayShow @ https://cdn1.espn.net/fitt/22ea72ca05a9-release-03-31-2026.2.0.4371/client/espnfitt/dmp-sdk-4ec14d66.js:52
[ 3184061ms] [ERROR] Failed to load resource: net::ERR_NAME_NOT_RESOLVED @ https://ipv6.cws.conviva.com/0/wsg:0
[ 3184063ms] [ERROR] Failed to load resource: net::ERR_NAME_NOT_RESOLVED @ https://ipv6.cws.conviva.com/0/wsg:0
[ 3186229ms] [LOG] PLSUB init called 17751488245457138 @ https://cdn-gl.imrworldwide.com/novms/js/2/nlsSDK600.bundle.min.js:5
[ 3247141ms] [WARNING] [MergeSinks] No sink handled command: continuousPlayShow @ https://cdn1.espn.net/fitt/22ea72ca05a9-release-03-31-2026.2.0.4371/client/espnfitt/dmp-sdk-4ec14d66.js:52
[ 3252209ms] [ERROR] Failed to load resource: net::ERR_NAME_NOT_RESOLVED @ https://ipv6.cws.conviva.com/0/wsg:0
[ 3252210ms] [ERROR] Failed to load resource: net::ERR_NAME_NOT_RESOLVED @ https://ipv6.cws.conviva.com/0/wsg:0
[ 3254693ms] [LOG] PLSUB init called 1775148893009962 @ https://cdn-gl.imrworldwide.com/novms/js/2/nlsSDK600.bundle.min.js:5
[ 3332976ms] [WARNING] [MergeSinks] No sink handled command: continuousPlayShow @ https://cdn1.espn.net/fitt/22ea72ca05a9-release-03-31-2026.2.0.4371/client/espnfitt/dmp-sdk-4ec14d66.js:52
[ 3338051ms] [ERROR] Failed to load resource: net::ERR_NAME_NOT_RESOLVED @ https://ipv6.cws.conviva.com/0/wsg:0
[ 3338057ms] [ERROR] Failed to load resource: net::ERR_NAME_NOT_RESOLVED @ https://ipv6.cws.conviva.com/0/wsg:0
[ 3339972ms] [LOG] PLSUB init called 17751489782885780 @ https://cdn-gl.imrworldwide.com/novms/js/2/nlsSDK600.bundle.min.js:5
[ 3531257ms] [WARNING] [MergeSinks] No sink handled command: continuousPlayShow @ https://cdn1.espn.net/fitt/22ea72ca05a9-release-03-31-2026.2.0.4371/client/espnfitt/dmp-sdk-4ec14d66.js:52
[ 3536352ms] [ERROR] Failed to load resource: net::ERR_NAME_NOT_RESOLVED @ https://ipv6.cws.conviva.com/0/wsg:0
[ 3536355ms] [ERROR] Failed to load resource: net::ERR_NAME_NOT_RESOLVED @ https://ipv6.cws.conviva.com/0/wsg:0
[ 3538400ms] [LOG] PLSUB init called 17751491767152825 @ https://cdn-gl.imrworldwide.com/novms/js/2/nlsSDK600.bundle.min.js:5
[ 3603416ms] [WARNING] [MergeSinks] No sink handled command: continuousPlayShow @ https://cdn1.espn.net/fitt/22ea72ca05a9-release-03-31-2026.2.0.4371/client/espnfitt/dmp-sdk-4ec14d66.js:52
[ 3604642ms] [WARNING] The resource https://cdn.registerdisney.go.com/v4/asset/bundler/ESPN/v4/images/v2/espn-red-logo.svg was preloaded using link preload but not used within a few seconds from the window's load event. Please make sure it has an appropriate `as` value and it is preloaded intentionally. @ https://cdn.registerdisney.go.com/v4/bundle/web/ESPN-ONESITE.WEB/en-US?cssOverride=https%3A%2F%2Fsecure.espncdn.com%2Fcombiner%2Fc%3Fcss%3Ddisneyid%2Fcorev4.css&logLevel=INFO:0
[ 3608485ms] [ERROR] Failed to load resource: net::ERR_NAME_NOT_RESOLVED @ https://ipv6.cws.conviva.com/0/wsg:0
[ 3608489ms] [ERROR] Failed to load resource: net::ERR_NAME_NOT_RESOLVED @ https://ipv6.cws.conviva.com/0/wsg:0
[ 3611383ms] [LOG] PLSUB init called 17751492496997215 @ https://cdn-gl.imrworldwide.com/novms/js/2/nlsSDK600.bundle.min.js:5
[ 3646575ms] [ERROR] Failed to load resource: net::ERR_NETWORK_CHANGED @ https://vision.fn-pz.com/v3/media:0
[ 3672234ms] [WARNING] [MergeSinks] No sink handled command: continuousPlayShow @ https://cdn1.espn.net/fitt/22ea72ca05a9-release-03-31-2026.2.0.4371/client/espnfitt/dmp-sdk-4ec14d66.js:52
[ 3677626ms] [ERROR] Failed to load resource: net::ERR_NAME_NOT_RESOLVED @ https://ipv6.cws.conviva.com/0/wsg:0
[ 3677626ms] [ERROR] Failed to load resource: net::ERR_NAME_NOT_RESOLVED @ https://ipv6.cws.conviva.com/0/wsg:0
[ 3680299ms] [LOG] PLSUB init called 17751493186153365 @ https://cdn-gl.imrworldwide.com/novms/js/2/nlsSDK600.bundle.min.js:5
[ 3741523ms] [WARNING] [MergeSinks] No sink handled command: continuousPlayShow @ https://cdn1.espn.net/fitt/22ea72ca05a9-release-03-31-2026.2.0.4371/client/espnfitt/dmp-sdk-4ec14d66.js:52
[ 3746707ms] [ERROR] Failed to load resource: net::ERR_NAME_NOT_RESOLVED @ https://ipv6.cws.conviva.com/0/wsg:0
[ 3746894ms] [ERROR] Failed to load resource: net::ERR_NAME_NOT_RESOLVED @ https://ipv6.cws.conviva.com/0/wsg:0
[ 3748778ms] [LOG] PLSUB init called 17751493870933919 @ https://cdn-gl.imrworldwide.com/novms/js/2/nlsSDK600.bundle.min.js:5
[ 3940220ms] [WARNING] [MergeSinks] No sink handled command: continuousPlayShow @ https://cdn1.espn.net/fitt/22ea72ca05a9-release-03-31-2026.2.0.4371/client/espnfitt/dmp-sdk-4ec14d66.js:52
[ 3945438ms] [ERROR] Failed to load resource: net::ERR_NAME_NOT_RESOLVED @ https://ipv6.cws.conviva.com/0/wsg:0
[ 3945438ms] [ERROR] Failed to load resource: net::ERR_NAME_NOT_RESOLVED @ https://ipv6.cws.conviva.com/0/wsg:0
[ 3947431ms] [LOG] PLSUB init called 17751495857442373 @ https://cdn-gl.imrworldwide.com/novms/js/2/nlsSDK600.bundle.min.js:5
[ 4012402ms] [WARNING] [MergeSinks] No sink handled command: continuousPlayShow @ https://cdn1.espn.net/fitt/22ea72ca05a9-release-03-31-2026.2.0.4371/client/espnfitt/dmp-sdk-4ec14d66.js:52
[ 4017733ms] [ERROR] Failed to load resource: net::ERR_NAME_NOT_RESOLVED @ https://ipv6.cws.conviva.com/0/wsg:0
[ 4017733ms] [ERROR] Failed to load resource: net::ERR_NAME_NOT_RESOLVED @ https://ipv6.cws.conviva.com/0/wsg:0
[ 4019881ms] [LOG] PLSUB init called 17751496581969174 @ https://cdn-gl.imrworldwide.com/novms/js/2/nlsSDK600.bundle.min.js:5
[ 4080658ms] [WARNING] [MergeSinks] No sink handled command: continuousPlayShow @ https://cdn1.espn.net/fitt/22ea72ca05a9-release-03-31-2026.2.0.4371/client/espnfitt/dmp-sdk-4ec14d66.js:52
[ 4085985ms] [ERROR] Failed to load resource: net::ERR_NAME_NOT_RESOLVED @ https://ipv6.cws.conviva.com/0/wsg:0
[ 4085985ms] [ERROR] Failed to load resource: net::ERR_NAME_NOT_RESOLVED @ https://ipv6.cws.conviva.com/0/wsg:0
[ 4087907ms] [LOG] PLSUB init called 17751497262225188 @ https://cdn-gl.imrworldwide.com/novms/js/2/nlsSDK600.bundle.min.js:5
[ 4156949ms] [WARNING] [MergeSinks] No sink handled command: continuousPlayShow @ https://cdn1.espn.net/fitt/22ea72ca05a9-release-03-31-2026.2.0.4371/client/espnfitt/dmp-sdk-4ec14d66.js:52
[ 4162149ms] [ERROR] Failed to load resource: net::ERR_NAME_NOT_RESOLVED @ https://ipv6.cws.conviva.com/0/wsg:0
[ 4162149ms] [ERROR] Failed to load resource: net::ERR_NAME_NOT_RESOLVED @ https://ipv6.cws.conviva.com/0/wsg:0
[ 4164180ms] [LOG] PLSUB init called 17751498024956179 @ https://cdn-gl.imrworldwide.com/novms/js/2/nlsSDK600.bundle.min.js:5
[ 4355558ms] [WARNING] [MergeSinks] No sink handled command: continuousPlayShow @ https://cdn1.espn.net/fitt/22ea72ca05a9-release-03-31-2026.2.0.4371/client/espnfitt/dmp-sdk-4ec14d66.js:52
[ 4360780ms] [ERROR] Failed to load resource: net::ERR_NAME_NOT_RESOLVED @ https://ipv6.cws.conviva.com/0/wsg:0
[ 4360782ms] [ERROR] Failed to load resource: net::ERR_NAME_NOT_RESOLVED @ https://ipv6.cws.conviva.com/0/wsg:0
[ 4362910ms] [LOG] PLSUB init called 17751500012234617 @ https://cdn-gl.imrworldwide.com/novms/js/2/nlsSDK600.bundle.min.js:5
[ 4427775ms] [WARNING] [MergeSinks] No sink handled command: continuousPlayShow @ https://cdn1.espn.net/fitt/22ea72ca05a9-release-03-31-2026.2.0.4371/client/espnfitt/dmp-sdk-4ec14d66.js:52
[ 4433142ms] [ERROR] Failed to load resource: net::ERR_NAME_NOT_RESOLVED @ https://ipv6.cws.conviva.com/0/wsg:0
[ 4433143ms] [ERROR] Failed to load resource: net::ERR_NAME_NOT_RESOLVED @ https://ipv6.cws.conviva.com/0/wsg:0
[ 4435210ms] [LOG] PLSUB init called 17751500735258568 @ https://cdn-gl.imrworldwide.com/novms/js/2/nlsSDK600.bundle.min.js:5
[ 4496185ms] [WARNING] [MergeSinks] No sink handled command: continuousPlayShow @ https://cdn1.espn.net/fitt/22ea72ca05a9-release-03-31-2026.2.0.4371/client/espnfitt/dmp-sdk-4ec14d66.js:52
[ 4501390ms] [ERROR] Failed to load resource: net::ERR_NAME_NOT_RESOLVED @ https://ipv6.cws.conviva.com/0/wsg:0
[ 4501391ms] [ERROR] Failed to load resource: net::ERR_NAME_NOT_RESOLVED @ https://ipv6.cws.conviva.com/0/wsg:0
[ 4504482ms] [LOG] PLSUB init called 17751501427966635 @ https://cdn-gl.imrworldwide.com/novms/js/2/nlsSDK600.bundle.min.js:5
[ 4578356ms] [WARNING] [MergeSinks] No sink handled command: continuousPlayShow @ https://cdn1.espn.net/fitt/22ea72ca05a9-release-03-31-2026.2.0.4371/client/espnfitt/dmp-sdk-4ec14d66.js:52
[ 4583542ms] [ERROR] Failed to load resource: net::ERR_NAME_NOT_RESOLVED @ https://ipv6.cws.conviva.com/0/wsg:0
[ 4583542ms] [ERROR] Failed to load resource: net::ERR_NAME_NOT_RESOLVED @ https://ipv6.cws.conviva.com/0/wsg:0
[ 4585532ms] [LOG] PLSUB init called 177515022384783 @ https://cdn-gl.imrworldwide.com/novms/js/2/nlsSDK600.bundle.min.js:5
[ 4777026ms] [WARNING] [MergeSinks] No sink handled command: continuousPlayShow @ https://cdn1.espn.net/fitt/22ea72ca05a9-release-03-31-2026.2.0.4371/client/espnfitt/dmp-sdk-4ec14d66.js:52
[ 4782243ms] [ERROR] Failed to load resource: net::ERR_NAME_NOT_RESOLVED @ https://ipv6.cws.conviva.com/0/wsg:0
[ 4782243ms] [ERROR] Failed to load resource: net::ERR_NAME_NOT_RESOLVED @ https://ipv6.cws.conviva.com/0/wsg:0
[ 4784137ms] [LOG] PLSUB init called 17751504224535983 @ https://cdn-gl.imrworldwide.com/novms/js/2/nlsSDK600.bundle.min.js:5
[ 4848849ms] [WARNING] [MergeSinks] No sink handled command: continuousPlayShow @ https://cdn1.espn.net/fitt/22ea72ca05a9-release-03-31-2026.2.0.4371/client/espnfitt/dmp-sdk-4ec14d66.js:52
[ 4854034ms] [ERROR] Failed to load resource: net::ERR_NAME_NOT_RESOLVED @ https://ipv6.cws.conviva.com/0/wsg:0
[ 4854034ms] [ERROR] Failed to load resource: net::ERR_NAME_NOT_RESOLVED @ https://ipv6.cws.conviva.com/0/wsg:0
[ 4856193ms] [LOG] PLSUB init called 17751504945097566 @ https://cdn-gl.imrworldwide.com/novms/js/2/nlsSDK600.bundle.min.js:5
[ 4917470ms] [WARNING] [MergeSinks] No sink handled command: continuousPlayShow @ https://cdn1.espn.net/fitt/22ea72ca05a9-release-03-31-2026.2.0.4371/client/espnfitt/dmp-sdk-4ec14d66.js:52
[ 4922844ms] [ERROR] Failed to load resource: net::ERR_NAME_NOT_RESOLVED @ https://ipv6.cws.conviva.com/0/wsg:0
[ 4922844ms] [ERROR] Failed to load resource: net::ERR_NAME_NOT_RESOLVED @ https://ipv6.cws.conviva.com/0/wsg:0
[ 4925453ms] [LOG] PLSUB init called 17751505637694376 @ https://cdn-gl.imrworldwide.com/novms/js/2/nlsSDK600.bundle.min.js:5
[ 4991218ms] [WARNING] [MergeSinks] No sink handled command: continuousPlayShow @ https://cdn1.espn.net/fitt/22ea72ca05a9-release-03-31-2026.2.0.4371/client/espnfitt/dmp-sdk-4ec14d66.js:52
[ 4996490ms] [ERROR] Failed to load resource: net::ERR_NAME_NOT_RESOLVED @ https://ipv6.cws.conviva.com/0/wsg:0
[ 4996491ms] [ERROR] Failed to load resource: net::ERR_NAME_NOT_RESOLVED @ https://ipv6.cws.conviva.com/0/wsg:0
[ 4998486ms] [LOG] PLSUB init called 17751506368011500 @ https://cdn-gl.imrworldwide.com/novms/js/2/nlsSDK600.bundle.min.js:5
[ 5189922ms] [WARNING] [MergeSinks] No sink handled command: continuousPlayShow @ https://cdn1.espn.net/fitt/22ea72ca05a9-release-03-31-2026.2.0.4371/client/espnfitt/dmp-sdk-4ec14d66.js:52
[ 5195193ms] [ERROR] Failed to load resource: net::ERR_NAME_NOT_RESOLVED @ https://ipv6.cws.conviva.com/0/wsg:0
[ 5195193ms] [ERROR] Failed to load resource: net::ERR_NAME_NOT_RESOLVED @ https://ipv6.cws.conviva.com/0/wsg:0
[ 5197128ms] [LOG] PLSUB init called 17751508354441034 @ https://cdn-gl.imrworldwide.com/novms/js/2/nlsSDK600.bundle.min.js:5
[ 5261852ms] [WARNING] [MergeSinks] No sink handled command: continuousPlayShow @ https://cdn1.espn.net/fitt/22ea72ca05a9-release-03-31-2026.2.0.4371/client/espnfitt/dmp-sdk-4ec14d66.js:52
[ 5267223ms] [ERROR] Failed to load resource: net::ERR_NAME_NOT_RESOLVED @ https://ipv6.cws.conviva.com/0/wsg:0
[ 5267224ms] [ERROR] Failed to load resource: net::ERR_NAME_NOT_RESOLVED @ https://ipv6.cws.conviva.com/0/wsg:0
[ 5269382ms] [LOG] PLSUB init called 17751509076986044 @ https://cdn-gl.imrworldwide.com/novms/js/2/nlsSDK600.bundle.min.js:5
[ 5330048ms] [WARNING] [MergeSinks] No sink handled command: continuousPlayShow @ https://cdn1.espn.net/fitt/22ea72ca05a9-release-03-31-2026.2.0.4371/client/espnfitt/dmp-sdk-4ec14d66.js:52
[ 5335308ms] [ERROR] Failed to load resource: net::ERR_NAME_NOT_RESOLVED @ https://ipv6.cws.conviva.com/0/wsg:0
[ 5335308ms] [ERROR] Failed to load resource: net::ERR_NAME_NOT_RESOLVED @ https://ipv6.cws.conviva.com/0/wsg:0
[ 5337598ms] [LOG] PLSUB init called 17751509759149419 @ https://cdn-gl.imrworldwide.com/novms/js/2/nlsSDK600.bundle.min.js:5
[ 5409338ms] [WARNING] [MergeSinks] No sink handled command: continuousPlayShow @ https://cdn1.espn.net/fitt/22ea72ca05a9-release-03-31-2026.2.0.4371/client/espnfitt/dmp-sdk-4ec14d66.js:52
[ 5414594ms] [ERROR] Failed to load resource: net::ERR_NAME_NOT_RESOLVED @ https://ipv6.cws.conviva.com/0/wsg:0
[ 5414594ms] [ERROR] Failed to load resource: net::ERR_NAME_NOT_RESOLVED @ https://ipv6.cws.conviva.com/0/wsg:0
[ 5416570ms] [LOG] PLSUB init called 1775151054885413 @ https://cdn-gl.imrworldwide.com/novms/js/2/nlsSDK600.bundle.min.js:5
[ 5608304ms] [WARNING] [MergeSinks] No sink handled command: continuousPlayShow @ https://cdn1.espn.net/fitt/22ea72ca05a9-release-03-31-2026.2.0.4371/client/espnfitt/dmp-sdk-4ec14d66.js:52
[ 5613590ms] [ERROR] Failed to load resource: net::ERR_NAME_NOT_RESOLVED @ https://ipv6.cws.conviva.com/0/wsg:0
[ 5613590ms] [ERROR] Failed to load resource: net::ERR_NAME_NOT_RESOLVED @ https://ipv6.cws.conviva.com/0/wsg:0
[ 5615510ms] [LOG] PLSUB init called 17751512538251444 @ https://cdn-gl.imrworldwide.com/novms/js/2/nlsSDK600.bundle.min.js:5
[ 5680240ms] [WARNING] [MergeSinks] No sink handled command: continuousPlayShow @ https://cdn1.espn.net/fitt/22ea72ca05a9-release-03-31-2026.2.0.4371/client/espnfitt/dmp-sdk-4ec14d66.js:52
[ 5685490ms] [ERROR] Failed to load resource: net::ERR_NAME_NOT_RESOLVED @ https://ipv6.cws.conviva.com/0/wsg:0
[ 5685490ms] [ERROR] Failed to load resource: net::ERR_NAME_NOT_RESOLVED @ https://ipv6.cws.conviva.com/0/wsg:0
[ 5687671ms] [LOG] PLSUB init called 17751513259869352 @ https://cdn-gl.imrworldwide.com/novms/js/2/nlsSDK600.bundle.min.js:5
[ 5748350ms] [WARNING] [MergeSinks] No sink handled command: continuousPlayShow @ https://cdn1.espn.net/fitt/22ea72ca05a9-release-03-31-2026.2.0.4371/client/espnfitt/dmp-sdk-4ec14d66.js:52
[ 5753624ms] [ERROR] Failed to load resource: net::ERR_NAME_NOT_RESOLVED @ https://ipv6.cws.conviva.com/0/wsg:0
[ 5753624ms] [ERROR] Failed to load resource: net::ERR_NAME_NOT_RESOLVED @ https://ipv6.cws.conviva.com/0/wsg:0
[ 5755627ms] [LOG] PLSUB init called 17751513939438283 @ https://cdn-gl.imrworldwide.com/novms/js/2/nlsSDK600.bundle.min.js:5
[ 5781752ms] [WARNING] [MergeSinks] No sink handled command: continuousPlayShow @ https://cdn1.espn.net/fitt/22ea72ca05a9-release-03-31-2026.2.0.4371/client/espnfitt/dmp-sdk-4ec14d66.js:52
[ 5786926ms] [ERROR] Failed to load resource: net::ERR_NAME_NOT_RESOLVED @ https://ipv6.cws.conviva.com/0/wsg:0
[ 5786926ms] [ERROR] Failed to load resource: net::ERR_NAME_NOT_RESOLVED @ https://ipv6.cws.conviva.com/0/wsg:0
[ 5788698ms] [LOG] PLSUB init called 17751514270155149 @ https://cdn-gl.imrworldwide.com/novms/js/2/nlsSDK600.bundle.min.js:5
[ 5980394ms] [WARNING] [MergeSinks] No sink handled command: continuousPlayShow @ https://cdn1.espn.net/fitt/22ea72ca05a9-release-03-31-2026.2.0.4371/client/espnfitt/dmp-sdk-4ec14d66.js:52
[ 5985625ms] [ERROR] Failed to load resource: net::ERR_NAME_NOT_RESOLVED @ https://ipv6.cws.conviva.com/0/wsg:0
[ 5985625ms] [ERROR] Failed to load resource: net::ERR_NAME_NOT_RESOLVED @ https://ipv6.cws.conviva.com/0/wsg:0
[ 5987447ms] [LOG] PLSUB init called 177515162576194 @ https://cdn-gl.imrworldwide.com/novms/js/2/nlsSDK600.bundle.min.js:5
[ 6052272ms] [WARNING] [MergeSinks] No sink handled command: continuousPlayShow @ https://cdn1.espn.net/fitt/22ea72ca05a9-release-03-31-2026.2.0.4371/client/espnfitt/dmp-sdk-4ec14d66.js:52
[ 6057626ms] [ERROR] Failed to load resource: net::ERR_NAME_NOT_RESOLVED @ https://ipv6.cws.conviva.com/0/wsg:0
[ 6057626ms] [ERROR] Failed to load resource: net::ERR_NAME_NOT_RESOLVED @ https://ipv6.cws.conviva.com/0/wsg:0
[ 6059818ms] [LOG] PLSUB init called 17751516981342982 @ https://cdn-gl.imrworldwide.com/novms/js/2/nlsSDK600.bundle.min.js:5
[ 6120823ms] [WARNING] [MergeSinks] No sink handled command: continuousPlayShow @ https://cdn1.espn.net/fitt/22ea72ca05a9-release-03-31-2026.2.0.4371/client/espnfitt/dmp-sdk-4ec14d66.js:52
[ 6126110ms] [ERROR] Failed to load resource: net::ERR_NAME_NOT_RESOLVED @ https://ipv6.cws.conviva.com/0/wsg:0
[ 6126110ms] [ERROR] Failed to load resource: net::ERR_NAME_NOT_RESOLVED @ https://ipv6.cws.conviva.com/0/wsg:0
[ 6128321ms] [LOG] PLSUB init called 17751517666379469 @ https://cdn-gl.imrworldwide.com/novms/js/2/nlsSDK600.bundle.min.js:5
[ 6192947ms] [WARNING] [MergeSinks] No sink handled command: continuousPlayShow @ https://cdn1.espn.net/fitt/22ea72ca05a9-release-03-31-2026.2.0.4371/client/espnfitt/dmp-sdk-4ec14d66.js:52
[ 6198424ms] [ERROR] Failed to load resource: net::ERR_NAME_NOT_RESOLVED @ https://ipv6.cws.conviva.com/0/wsg:0
[ 6198424ms] [ERROR] Failed to load resource: net::ERR_NAME_NOT_RESOLVED @ https://ipv6.cws.conviva.com/0/wsg:0
[ 6200234ms] [LOG] PLSUB init called 17751518385504497 @ https://cdn-gl.imrworldwide.com/novms/js/2/nlsSDK600.bundle.min.js:5
[ 6391606ms] [WARNING] [MergeSinks] No sink handled command: continuousPlayShow @ https://cdn1.espn.net/fitt/22ea72ca05a9-release-03-31-2026.2.0.4371/client/espnfitt/dmp-sdk-4ec14d66.js:52
[ 6396924ms] [ERROR] Failed to load resource: net::ERR_NAME_NOT_RESOLVED @ https://ipv6.cws.conviva.com/0/wsg:0
[ 6396925ms] [ERROR] Failed to load resource: net::ERR_NAME_NOT_RESOLVED @ https://ipv6.cws.conviva.com/0/wsg:0
[ 6399155ms] [LOG] PLSUB init called 17751520374701574 @ https://cdn-gl.imrworldwide.com/novms/js/2/nlsSDK600.bundle.min.js:5
[ 6464000ms] [WARNING] [MergeSinks] No sink handled command: continuousPlayShow @ https://cdn1.espn.net/fitt/22ea72ca05a9-release-03-31-2026.2.0.4371/client/espnfitt/dmp-sdk-4ec14d66.js:52
[ 6469419ms] [ERROR] Failed to load resource: net::ERR_NAME_NOT_RESOLVED @ https://ipv6.cws.conviva.com/0/wsg:0
[ 6469419ms] [ERROR] Failed to load resource: net::ERR_NAME_NOT_RESOLVED @ https://ipv6.cws.conviva.com/0/wsg:0
[ 6472021ms] [LOG] PLSUB init called 17751521103367267 @ https://cdn-gl.imrworldwide.com/novms/js/2/nlsSDK600.bundle.min.js:5
[ 6532788ms] [WARNING] [MergeSinks] No sink handled command: continuousPlayShow @ https://cdn1.espn.net/fitt/22ea72ca05a9-release-03-31-2026.2.0.4371/client/espnfitt/dmp-sdk-4ec14d66.js:52
[ 6538024ms] [ERROR] Failed to load resource: net::ERR_NAME_NOT_RESOLVED @ https://ipv6.cws.conviva.com/0/wsg:0
[ 6538024ms] [ERROR] Failed to load resource: net::ERR_NAME_NOT_RESOLVED @ https://ipv6.cws.conviva.com/0/wsg:0
[ 6540103ms] [LOG] PLSUB init called 17751521784182017 @ https://cdn-gl.imrworldwide.com/novms/js/2/nlsSDK600.bundle.min.js:5
[ 6608225ms] [WARNING] [MergeSinks] No sink handled command: continuousPlayShow @ https://cdn1.espn.net/fitt/22ea72ca05a9-release-03-31-2026.2.0.4371/client/espnfitt/dmp-sdk-4ec14d66.js:52
[ 6613496ms] [ERROR] Failed to load resource: net::ERR_NAME_NOT_RESOLVED @ https://ipv6.cws.conviva.com/0/wsg:0
[ 6613496ms] [ERROR] Failed to load resource: net::ERR_NAME_NOT_RESOLVED @ https://ipv6.cws.conviva.com/0/wsg:0
[ 6615401ms] [LOG] PLSUB init called 17751522537174651 @ https://cdn-gl.imrworldwide.com/novms/js/2/nlsSDK600.bundle.min.js:5
[ 6806980ms] [WARNING] [MergeSinks] No sink handled command: continuousPlayShow @ https://cdn1.espn.net/fitt/22ea72ca05a9-release-03-31-2026.2.0.4371/client/espnfitt/dmp-sdk-4ec14d66.js:52
[ 6815275ms] [ERROR] Failed to load resource: net::ERR_NAME_NOT_RESOLVED @ https://ipv6.cws.conviva.com/0/wsg:0
[ 6815275ms] [ERROR] Failed to load resource: net::ERR_NAME_NOT_RESOLVED @ https://ipv6.cws.conviva.com/0/wsg:0
[ 6817146ms] [LOG] PLSUB init called 17751524554617966 @ https://cdn-gl.imrworldwide.com/novms/js/2/nlsSDK600.bundle.min.js:5
[ 6881925ms] [WARNING] [MergeSinks] No sink handled command: continuousPlayShow @ https://cdn1.espn.net/fitt/22ea72ca05a9-release-03-31-2026.2.0.4371/client/espnfitt/dmp-sdk-4ec14d66.js:52
[ 6887142ms] [ERROR] Failed to load resource: net::ERR_NAME_NOT_RESOLVED @ https://ipv6.cws.conviva.com/0/wsg:0
[ 6887143ms] [ERROR] Failed to load resource: net::ERR_NAME_NOT_RESOLVED @ https://ipv6.cws.conviva.com/0/wsg:0
[ 6889362ms] [LOG] PLSUB init called 17751525276778384 @ https://cdn-gl.imrworldwide.com/novms/js/2/nlsSDK600.bundle.min.js:5
[ 6950308ms] [WARNING] [MergeSinks] No sink handled command: continuousPlayShow @ https://cdn1.espn.net/fitt/22ea72ca05a9-release-03-31-2026.2.0.4371/client/espnfitt/dmp-sdk-4ec14d66.js:52
[ 6955434ms] [ERROR] Failed to load resource: net::ERR_NAME_NOT_RESOLVED @ https://ipv6.cws.conviva.com/0/wsg:0
[ 6955435ms] [ERROR] Failed to load resource: net::ERR_NAME_NOT_RESOLVED @ https://ipv6.cws.conviva.com/0/wsg:0
[ 6957646ms] [LOG] PLSUB init called 17751525959629898 @ https://cdn-gl.imrworldwide.com/novms/js/2/nlsSDK600.bundle.min.js:5
[ 7071402ms] [WARNING] [MergeSinks] No sink handled command: continuousPlayShow @ https://cdn1.espn.net/fitt/22ea72ca05a9-release-03-31-2026.2.0.4371/client/espnfitt/dmp-sdk-4ec14d66.js:52
[ 7076541ms] [ERROR] Failed to load resource: net::ERR_NAME_NOT_RESOLVED @ https://ipv6.cws.conviva.com/0/wsg:0
[ 7076676ms] [ERROR] Failed to load resource: net::ERR_NAME_NOT_RESOLVED @ https://ipv6.cws.conviva.com/0/wsg:0
[ 7078750ms] [LOG] PLSUB init called 17751527170643895 @ https://cdn-gl.imrworldwide.com/novms/js/2/nlsSDK600.bundle.min.js:5
[ 7205250ms] [WARNING] The resource https://cdn.registerdisney.go.com/v4/asset/bundler/ESPN/v4/images/v2/espn-red-logo.svg was preloaded using link preload but not used within a few seconds from the window's load event. Please make sure it has an appropriate `as` value and it is preloaded intentionally. @ https://cdn.registerdisney.go.com/v4/bundle/web/ESPN-ONESITE.WEB/en-US?cssOverride=https%3A%2F%2Fsecure.espncdn.com%2Fcombiner%2Fc%3Fcss%3Ddisneyid%2Fcorev4.css&logLevel=INFO:0
[ 7270115ms] [WARNING] [MergeSinks] No sink handled command: continuousPlayShow @ https://cdn1.espn.net/fitt/22ea72ca05a9-release-03-31-2026.2.0.4371/client/espnfitt/dmp-sdk-4ec14d66.js:52
[ 7275263ms] [ERROR] Failed to load resource: net::ERR_NAME_NOT_RESOLVED @ https://ipv6.cws.conviva.com/0/wsg:0
[ 7275263ms] [ERROR] Failed to load resource: net::ERR_NAME_NOT_RESOLVED @ https://ipv6.cws.conviva.com/0/wsg:0
[ 7277441ms] [LOG] PLSUB init called 17751529157568720 @ https://cdn-gl.imrworldwide.com/novms/js/2/nlsSDK600.bundle.min.js:5
[ 7322707ms] [ERROR] jsonpatch i {leagues: Array(1), season: Object, day: Object, events: Array(4), provider: Object} {} /weather s:1~l:10~e:401814782 @ https://www.datadoghq-browser-agent.com/us1/v5/datadog-rum.js:0
[ 7341543ms] [WARNING] DialogModal.controller cannot navigate to a view of value: main not found in menuMap with value: null @ https://cdn1.espn.net/fitt/22ea72ca05a9-release-03-31-2026.2.0.4371/client/espnfitt/dmp-sdk-4ec14d66.js:271
[ 7342305ms] [WARNING] [MergeSinks] No sink handled command: continuousPlayShow @ https://cdn1.espn.net/fitt/22ea72ca05a9-release-03-31-2026.2.0.4371/client/espnfitt/dmp-sdk-4ec14d66.js:52
[ 7347560ms] [ERROR] Failed to load resource: net::ERR_NAME_NOT_RESOLVED @ https://ipv6.cws.conviva.com/0/wsg:0
[ 7347593ms] [ERROR] Failed to load resource: net::ERR_NAME_NOT_RESOLVED @ https://ipv6.cws.conviva.com/0/wsg:0
[ 7349778ms] [LOG] PLSUB init called 17751529880939325 @ https://cdn-gl.imrworldwide.com/novms/js/2/nlsSDK600.bundle.min.js:5
[ 7410726ms] [WARNING] [MergeSinks] No sink handled command: continuousPlayShow @ https://cdn1.espn.net/fitt/22ea72ca05a9-release-03-31-2026.2.0.4371/client/espnfitt/dmp-sdk-4ec14d66.js:52
[ 7415865ms] [ERROR] Failed to load resource: net::ERR_NAME_NOT_RESOLVED @ https://ipv6.cws.conviva.com/0/wsg:0
[ 7415865ms] [ERROR] Failed to load resource: net::ERR_NAME_NOT_RESOLVED @ https://ipv6.cws.conviva.com/0/wsg:0
[ 7418888ms] [LOG] PLSUB init called 17751530572032989 @ https://cdn-gl.imrworldwide.com/novms/js/2/nlsSDK600.bundle.min.js:5
[ 7487070ms] [WARNING] [MergeSinks] No sink handled command: continuousPlayShow @ https://cdn1.espn.net/fitt/22ea72ca05a9-release-03-31-2026.2.0.4371/client/espnfitt/dmp-sdk-4ec14d66.js:52
[ 7492204ms] [ERROR] Failed to load resource: net::ERR_NAME_NOT_RESOLVED @ https://ipv6.cws.conviva.com/0/wsg:0
[ 7492204ms] [ERROR] Failed to load resource: net::ERR_NAME_NOT_RESOLVED @ https://ipv6.cws.conviva.com/0/wsg:0
[ 7494206ms] [LOG] PLSUB init called 17751531325215193 @ https://cdn-gl.imrworldwide.com/novms/js/2/nlsSDK600.bundle.min.js:5
[ 7685692ms] [WARNING] [MergeSinks] No sink handled command: continuousPlayShow @ https://cdn1.espn.net/fitt/22ea72ca05a9-release-03-31-2026.2.0.4371/client/espnfitt/dmp-sdk-4ec14d66.js:52
[ 7690908ms] [ERROR] Failed to load resource: net::ERR_NAME_NOT_RESOLVED @ https://ipv6.cws.conviva.com/0/wsg:0
[ 7691059ms] [ERROR] Failed to load resource: net::ERR_NAME_NOT_RESOLVED @ https://ipv6.cws.conviva.com/0/wsg:0
[ 7692969ms] [LOG] PLSUB init called 17751533312835941 @ https://cdn-gl.imrworldwide.com/novms/js/2/nlsSDK600.bundle.min.js:5
[ 7757722ms] [WARNING] [MergeSinks] No sink handled command: continuousPlayShow @ https://cdn1.espn.net/fitt/22ea72ca05a9-release-03-31-2026.2.0.4371/client/espnfitt/dmp-sdk-4ec14d66.js:52
[ 7762869ms] [ERROR] Failed to load resource: net::ERR_NAME_NOT_RESOLVED @ https://ipv6.cws.conviva.com/0/wsg:0
[ 7762869ms] [ERROR] Failed to load resource: net::ERR_NAME_NOT_RESOLVED @ https://ipv6.cws.conviva.com/0/wsg:0
[ 7765044ms] [LOG] PLSUB init called 17751534033595590 @ https://cdn-gl.imrworldwide.com/novms/js/2/nlsSDK600.bundle.min.js:5
[ 7826274ms] [WARNING] [MergeSinks] No sink handled command: continuousPlayShow @ https://cdn1.espn.net/fitt/22ea72ca05a9-release-03-31-2026.2.0.4371/client/espnfitt/dmp-sdk-4ec14d66.js:52
[ 7831422ms] [ERROR] Failed to load resource: net::ERR_NAME_NOT_RESOLVED @ https://ipv6.cws.conviva.com/0/wsg:0
[ 7831422ms] [ERROR] Failed to load resource: net::ERR_NAME_NOT_RESOLVED @ https://ipv6.cws.conviva.com/0/wsg:0
[ 7833371ms] [LOG] PLSUB init called 17751534716873977 @ https://cdn-gl.imrworldwide.com/novms/js/2/nlsSDK600.bundle.min.js:5
[ 7903315ms] [WARNING] [MergeSinks] No sink handled command: continuousPlayShow @ https://cdn1.espn.net/fitt/22ea72ca05a9-release-03-31-2026.2.0.4371/client/espnfitt/dmp-sdk-4ec14d66.js:52
[ 7908627ms] [ERROR] Failed to load resource: net::ERR_NAME_NOT_RESOLVED @ https://ipv6.cws.conviva.com/0/wsg:0
[ 7908629ms] [ERROR] Failed to load resource: net::ERR_NAME_NOT_RESOLVED @ https://ipv6.cws.conviva.com/0/wsg:0
[ 7910678ms] [LOG] PLSUB init called 17751535489936876 @ https://cdn-gl.imrworldwide.com/novms/js/2/nlsSDK600.bundle.min.js:5
[ 8102081ms] [WARNING] [MergeSinks] No sink handled command: continuousPlayShow @ https://cdn1.espn.net/fitt/22ea72ca05a9-release-03-31-2026.2.0.4371/client/espnfitt/dmp-sdk-4ec14d66.js:52
[ 8107369ms] [ERROR] Failed to load resource: net::ERR_NAME_NOT_RESOLVED @ https://ipv6.cws.conviva.com/0/wsg:0
[ 8107372ms] [ERROR] Failed to load resource: net::ERR_NAME_NOT_RESOLVED @ https://ipv6.cws.conviva.com/0/wsg:0
[ 8109759ms] [LOG] PLSUB init called 17751537480729753 @ https://cdn-gl.imrworldwide.com/novms/js/2/nlsSDK600.bundle.min.js:5
[ 8174550ms] [WARNING] [MergeSinks] No sink handled command: continuousPlayShow @ https://cdn1.espn.net/fitt/22ea72ca05a9-release-03-31-2026.2.0.4371/client/espnfitt/dmp-sdk-4ec14d66.js:52
[ 8179771ms] [ERROR] Failed to load resource: net::ERR_NAME_NOT_RESOLVED @ https://ipv6.cws.conviva.com/0/wsg:0
[ 8179894ms] [ERROR] Failed to load resource: net::ERR_NAME_NOT_RESOLVED @ https://ipv6.cws.conviva.com/0/wsg:0
[ 8182144ms] [LOG] PLSUB init called 17751538204603357 @ https://cdn-gl.imrworldwide.com/novms/js/2/nlsSDK600.bundle.min.js:5
[ 8242768ms] [WARNING] [MergeSinks] No sink handled command: continuousPlayShow @ https://cdn1.espn.net/fitt/22ea72ca05a9-release-03-31-2026.2.0.4371/client/espnfitt/dmp-sdk-4ec14d66.js:52
[ 8247931ms] [ERROR] Failed to load resource: net::ERR_NAME_NOT_RESOLVED @ https://ipv6.cws.conviva.com/0/wsg:0
[ 8247931ms] [ERROR] Failed to load resource: net::ERR_NAME_NOT_RESOLVED @ https://ipv6.cws.conviva.com/0/wsg:0
[ 8250537ms] [LOG] PLSUB init called 17751538888521127 @ https://cdn-gl.imrworldwide.com/novms/js/2/nlsSDK600.bundle.min.js:5
[ 8306006ms] [WARNING] [MergeSinks] No sink handled command: continuousPlayShow @ https://cdn1.espn.net/fitt/22ea72ca05a9-release-03-31-2026.2.0.4371/client/espnfitt/dmp-sdk-4ec14d66.js:52
[ 8311268ms] [ERROR] Failed to load resource: net::ERR_NAME_NOT_RESOLVED @ https://ipv6.cws.conviva.com/0/wsg:0
[ 8311325ms] [ERROR] Failed to load resource: net::ERR_NAME_NOT_RESOLVED @ https://ipv6.cws.conviva.com/0/wsg:0
[ 8313237ms] [LOG] PLSUB init called 17751539515502019 @ https://cdn-gl.imrworldwide.com/novms/js/2/nlsSDK600.bundle.min.js:5
[ 8504742ms] [WARNING] [MergeSinks] No sink handled command: continuousPlayShow @ https://cdn1.espn.net/fitt/22ea72ca05a9-release-03-31-2026.2.0.4371/client/espnfitt/dmp-sdk-4ec14d66.js:52
[ 8509886ms] [ERROR] Failed to load resource: net::ERR_NAME_NOT_RESOLVED @ https://ipv6.cws.conviva.com/0/wsg:0
[ 8509887ms] [ERROR] Failed to load resource: net::ERR_NAME_NOT_RESOLVED @ https://ipv6.cws.conviva.com/0/wsg:0
[ 8511787ms] [LOG] PLSUB init called 17751541501026682 @ https://cdn-gl.imrworldwide.com/novms/js/2/nlsSDK600.bundle.min.js:5
[ 8576595ms] [WARNING] [MergeSinks] No sink handled command: continuousPlayShow @ https://cdn1.espn.net/fitt/22ea72ca05a9-release-03-31-2026.2.0.4371/client/espnfitt/dmp-sdk-4ec14d66.js:52
[ 8581715ms] [ERROR] Failed to load resource: net::ERR_NAME_NOT_RESOLVED @ https://ipv6.cws.conviva.com/0/wsg:0
[ 8581715ms] [ERROR] Failed to load resource: net::ERR_NAME_NOT_RESOLVED @ https://ipv6.cws.conviva.com/0/wsg:0
[ 8583995ms] [LOG] PLSUB init called 17751542223106164 @ https://cdn-gl.imrworldwide.com/novms/js/2/nlsSDK600.bundle.min.js:5
[ 8644924ms] [WARNING] [MergeSinks] No sink handled command: continuousPlayShow @ https://cdn1.espn.net/fitt/22ea72ca05a9-release-03-31-2026.2.0.4371/client/espnfitt/dmp-sdk-4ec14d66.js:52
[ 8650077ms] [ERROR] Failed to load resource: net::ERR_NAME_NOT_RESOLVED @ https://ipv6.cws.conviva.com/0/wsg:0
[ 8650078ms] [ERROR] Failed to load resource: net::ERR_NAME_NOT_RESOLVED @ https://ipv6.cws.conviva.com/0/wsg:0
[ 8652231ms] [LOG] PLSUB init called 1775154290546114 @ https://cdn-gl.imrworldwide.com/novms/js/2/nlsSDK600.bundle.min.js:5
[ 8714967ms] [WARNING] [MergeSinks] No sink handled command: continuousPlayShow @ https://cdn1.espn.net/fitt/22ea72ca05a9-release-03-31-2026.2.0.4371/client/espnfitt/dmp-sdk-4ec14d66.js:52
[ 8720227ms] [ERROR] Failed to load resource: net::ERR_NAME_NOT_RESOLVED @ https://ipv6.cws.conviva.com/0/wsg:0
[ 8720228ms] [ERROR] Failed to load resource: net::ERR_NAME_NOT_RESOLVED @ https://ipv6.cws.conviva.com/0/wsg:0
[ 8722178ms] [LOG] PLSUB init called 17751543604948340 @ https://cdn-gl.imrworldwide.com/novms/js/2/nlsSDK600.bundle.min.js:5
[ 8913603ms] [WARNING] [MergeSinks] No sink handled command: continuousPlayShow @ https://cdn1.espn.net/fitt/22ea72ca05a9-release-03-31-2026.2.0.4371/client/espnfitt/dmp-sdk-4ec14d66.js:52
[ 8918824ms] [ERROR] Failed to load resource: net::ERR_NAME_NOT_RESOLVED @ https://ipv6.cws.conviva.com/0/wsg:0
[ 8918981ms] [ERROR] Failed to load resource: net::ERR_NAME_NOT_RESOLVED @ https://ipv6.cws.conviva.com/0/wsg:0
[ 8920931ms] [LOG] PLSUB init called 17751545592466092 @ https://cdn-gl.imrworldwide.com/novms/js/2/nlsSDK600.bundle.min.js:5
[ 8985550ms] [WARNING] [MergeSinks] No sink handled command: continuousPlayShow @ https://cdn1.espn.net/fitt/22ea72ca05a9-release-03-31-2026.2.0.4371/client/espnfitt/dmp-sdk-4ec14d66.js:52
[ 8990681ms] [ERROR] Failed to load resource: net::ERR_NAME_NOT_RESOLVED @ https://ipv6.cws.conviva.com/0/wsg:0
[ 8990681ms] [ERROR] Failed to load resource: net::ERR_NAME_NOT_RESOLVED @ https://ipv6.cws.conviva.com/0/wsg:0
[ 8992886ms] [LOG] PLSUB init called 17751546312007292 @ https://cdn-gl.imrworldwide.com/novms/js/2/nlsSDK600.bundle.min.js:5
[ 9053759ms] [WARNING] [MergeSinks] No sink handled command: continuousPlayShow @ https://cdn1.espn.net/fitt/22ea72ca05a9-release-03-31-2026.2.0.4371/client/espnfitt/dmp-sdk-4ec14d66.js:52
[ 9059040ms] [ERROR] Failed to load resource: net::ERR_NAME_NOT_RESOLVED @ https://ipv6.cws.conviva.com/0/wsg:0
[ 9059043ms] [ERROR] Failed to load resource: net::ERR_NAME_NOT_RESOLVED @ https://ipv6.cws.conviva.com/0/wsg:0
[ 9061747ms] [LOG] PLSUB init called 17751547000586222 @ https://cdn-gl.imrworldwide.com/novms/js/2/nlsSDK600.bundle.min.js:5
[ 9116297ms] [WARNING] [MergeSinks] No sink handled command: continuousPlayShow @ https://cdn1.espn.net/fitt/22ea72ca05a9-release-03-31-2026.2.0.4371/client/espnfitt/dmp-sdk-4ec14d66.js:52
[ 9121468ms] [ERROR] Failed to load resource: net::ERR_NAME_NOT_RESOLVED @ https://ipv6.cws.conviva.com/0/wsg:0
[ 9121470ms] [ERROR] Failed to load resource: net::ERR_NAME_NOT_RESOLVED @ https://ipv6.cws.conviva.com/0/wsg:0
[ 9123584ms] [LOG] PLSUB init called 17751547619007076 @ https://cdn-gl.imrworldwide.com/novms/js/2/nlsSDK600.bundle.min.js:5
[ 9314879ms] [WARNING] [MergeSinks] No sink handled command: continuousPlayShow @ https://cdn1.espn.net/fitt/22ea72ca05a9-release-03-31-2026.2.0.4371/client/espnfitt/dmp-sdk-4ec14d66.js:52
[ 9320033ms] [ERROR] Failed to load resource: net::ERR_NAME_NOT_RESOLVED @ https://ipv6.cws.conviva.com/0/wsg:0
[ 9320033ms] [ERROR] Failed to load resource: net::ERR_NAME_NOT_RESOLVED @ https://ipv6.cws.conviva.com/0/wsg:0
[ 9322052ms] [LOG] PLSUB init called 17751549603677353 @ https://cdn-gl.imrworldwide.com/novms/js/2/nlsSDK600.bundle.min.js:5
[ 9328235ms] [ERROR] jsonpatch i {leagues: Array(1), season: Object, day: Object, events: Array(4), provider: Object} {} /weather s:1~l:10~e:401814782 @ https://www.datadoghq-browser-agent.com/us1/v5/datadog-rum.js:0
[ 9331120ms] [ERROR] jsonpatch i {leagues: Array(1), season: Object, day: Object, events: Array(4), provider: Object} {} /weather s:1~l:10~e:401814782 @ https://www.datadoghq-browser-agent.com/us1/v5/datadog-rum.js:0
[ 9335661ms] [ERROR] jsonpatch i {leagues: Array(1), season: Object, day: Object, events: Array(4), provider: Object} {} /weather s:1~l:10~e:401814782 @ https://www.datadoghq-browser-agent.com/us1/v5/datadog-rum.js:0
[ 9340698ms] [ERROR] jsonpatch i {leagues: Array(1), season: Object, day: Object, events: Array(4), provider: Object} {} /weather s:1~l:10~e:401814781 @ https://www.datadoghq-browser-agent.com/us1/v5/datadog-rum.js:0
[ 9386786ms] [WARNING] [MergeSinks] No sink handled command: continuousPlayShow @ https://cdn1.espn.net/fitt/22ea72ca05a9-release-03-31-2026.2.0.4371/client/espnfitt/dmp-sdk-4ec14d66.js:52
[ 9391923ms] [ERROR] Failed to load resource: net::ERR_NAME_NOT_RESOLVED @ https://ipv6.cws.conviva.com/0/wsg:0
[ 9391923ms] [ERROR] Failed to load resource: net::ERR_NAME_NOT_RESOLVED @ https://ipv6.cws.conviva.com/0/wsg:0
[ 9394198ms] [LOG] PLSUB init called 17751550325126444 @ https://cdn-gl.imrworldwide.com/novms/js/2/nlsSDK600.bundle.min.js:5
[ 9455088ms] [WARNING] [MergeSinks] No sink handled command: continuousPlayShow @ https://cdn1.espn.net/fitt/22ea72ca05a9-release-03-31-2026.2.0.4371/client/espnfitt/dmp-sdk-4ec14d66.js:52
[ 9460210ms] [ERROR] Failed to load resource: net::ERR_NAME_NOT_RESOLVED @ https://ipv6.cws.conviva.com/0/wsg:0
[ 9460210ms] [ERROR] Failed to load resource: net::ERR_NAME_NOT_RESOLVED @ https://ipv6.cws.conviva.com/0/wsg:0
[ 9462535ms] [LOG] PLSUB init called 17751551008518391 @ https://cdn-gl.imrworldwide.com/novms/js/2/nlsSDK600.bundle.min.js:5
[ 9484722ms] [WARNING] [MergeSinks] No sink handled command: continuousPlayShow @ https://cdn1.espn.net/fitt/22ea72ca05a9-release-03-31-2026.2.0.4371/client/espnfitt/dmp-sdk-4ec14d66.js:52
[ 9489833ms] [ERROR] Failed to load resource: net::ERR_NAME_NOT_RESOLVED @ https://ipv6.cws.conviva.com/0/wsg:0
[ 9489833ms] [ERROR] Failed to load resource: net::ERR_NAME_NOT_RESOLVED @ https://ipv6.cws.conviva.com/0/wsg:0
[ 9491678ms] [LOG] PLSUB init called 17751551299941471 @ https://cdn-gl.imrworldwide.com/novms/js/2/nlsSDK600.bundle.min.js:5
[ 9683148ms] [WARNING] [MergeSinks] No sink handled command: continuousPlayShow @ https://cdn1.espn.net/fitt/22ea72ca05a9-release-03-31-2026.2.0.4371/client/espnfitt/dmp-sdk-4ec14d66.js:52
