[     739ms] [WARNING] The provided component class (t)
                has already been declared as an observer component. @ https://cdn1.espn.net/fitt/22ea72ca05a9-release-03-31-2026.2.0.4371/client/espnfitt/71-540cbcac.js:0
[     945ms] [WARNING] Datadog Browser SDK: SDK is loaded more than once. This is unsupported and might have unexpected behavior. @ https://cdn.registerdisney.go.com/v4/OneID.js:1
[    1063ms] Uncaught (in promise) LocationNotAllowedException: User is not allowed to use the app in their current location.
    at go (https://cdn1.espn.net/fitt/22ea72ca05a9-release-03-31-2026.2.0.4371/client/espnfitt/dmp-sdk-4ec14d66.js:5067:101158)
    at Kp (https://cdn1.espn.net/fitt/22ea72ca05a9-release-03-31-2026.2.0.4371/client/espnfitt/dmp-sdk-4ec14d66.js:5067:195688)
    at <anonymous> (https://cdn1.espn.net/fitt/22ea72ca05a9-release-03-31-2026.2.0.4371/client/espnfitt/dmp-sdk-4ec14d66.js:5067:113039)
    at fs (https://cdn1.espn.net/fitt/22ea72ca05a9-release-03-31-2026.2.0.4371/client/espnfitt/dmp-sdk-4ec14d66.js:5067:113026)
    at <anonymous> (https://cdn1.espn.net/fitt/22ea72ca05a9-release-03-31-2026.2.0.4371/client/espnfitt/dmp-sdk-4ec14d66.js:5067:197652)
    at <anonymous> (https://cdn1.espn.net/fitt/22ea72ca05a9-release-03-31-2026.2.0.4371/client/espnfitt/dmp-sdk-4ec14d66.js:5067:66399)
    at Tn (https://cdn1.espn.net/fitt/22ea72ca05a9-release-03-31-2026.2.0.4371/client/espnfitt/dmp-sdk-4ec14d66.js:5067:66144)
    at <anonymous> (https://cdn1.espn.net/fitt/22ea72ca05a9-release-03-31-2026.2.0.4371/client/espnfitt/dmp-sdk-4ec14d66.js:5067:197610)
[    1083ms] [LOG] 16:00:09.577 [Playback Service: Device Detection:] Library Detection and User Agent Detection Do Not Match @ https://hiveplayer-static.bamgrid.com/artifacts/hive/playback-service/26.2.1-bagheera/all_browser_es5/playback-service.js:1
[    1083ms] [LOG] 16:00:09.578 [Playback Service: Device Detection:] Library Detected: undefined, UA Detected: chrome @ https://hiveplayer-static.bamgrid.com/artifacts/hive/playback-service/26.2.1-bagheera/all_browser_es5/playback-service.js:1
[    1246ms] [LOG] DOM isReady:  1219 @ https://cdn1.espn.net/fitt/22ea72ca05a9-release-03-31-2026.2.0.4371/client/espnfitt/71-540cbcac.js:0
[    1423ms] [INFO] [AccessEnabler.js][info] Version: 4.7.1-5a99613 RELEASE @ https://entitlement.auth.adobe.com/entitlement/v4/AccessEnabler.js:0
[    1459ms] [INFO] [AccessEnablerProxy.js][info] Version: 4.7.1-5a99613 RELEASE @ https://sp.auth.adobe.com/entitlement/v4/AccessEnablerProxy.js:0
[    1552ms] [WARNING] adgb - not initialized. @ https://cdn.taboola.com/libtrc/espn-network/loader.js:0
[    4518ms] [WARNING] The resource https://cdn.registerdisney.go.com/v4/asset/bundler/ESPN/v4/images/v2/espn-red-logo.svg was preloaded using link preload but not used within a few seconds from the window's load event. Please make sure it has an appropriate `as` value and it is preloaded intentionally. @ https://cdn.registerdisney.go.com/v4/bundle/web/ESPN-ONESITE.WEB/en-US?cssOverride=https%3A%2F%2Fsecure.espncdn.com%2Fcombiner%2Fc%3Fcss%3Ddisneyid%2Fcorev4.css&logLevel=INFO:0
[   11153ms] [WARNING] [GPT] Invalid arguments: SizeMappingBuilder.addSize([0, 0], [[0, 0]]). All zero-area slot sizes were removed.
https://goo.gle/gpt-message#151 @ https://securepubads.g.doubleclick.net/pagead/managed/js/gpt/m202603260101/pubads_impl.js?cb=31097482:18
[   11182ms] [WARNING] [OneID] [%s]:  WARN `DisneyID` global object is soon to be deprecated. Use `OneID` instead. @ https://cdn.registerdisney.go.com/v4/OneID.js:1
[   11241ms] [LOG] PLSUB init called 17751456197317087 @ https://cdn-gl.imrworldwide.com/novms/js/2/nlsSDK600.bundle.min.js:5
[   13474ms] [INFO] Powered by AMP ⚡ HTML – Version 2603032146000 https://www.espn.com/mlb/standings @ https://cdn.ampproject.org/rtv/012603032146000/amp4ads-v0.mjs:1
[   14587ms] [LOG] received a request for uspapi @ https://cdn.espn.com/onetrust/otCCPAiab.js:95
